[Spinner] RENDERING typing indicator: frame=0, stage="", label="Processing…" 2 ChatPanel.tsx:1248:96
[Spinner] State check: streaming=true, responseStarted=false, stage="", shouldSpin=true ChatPanel.tsx:281:11
[Spinner] STARTING animation (stage: "") ChatPanel.tsx:283:12
[Spinner] Typing indicator visible: true (streaming=true, responseStarted=false) ChatPanel.tsx:308:11
[Spinner] RENDERING typing indicator: frame=0, stage="", label="Processing…" 2 ChatPanel.tsx:1248:96
[Spinner] Stage changed: "" → "thinking" ChatPanel.tsx:272:11
[Stream Debug] Step 4: Flushing remaining buffer: <empty string> <empty string> ChatPanel.tsx:776:13
[Spinner] RENDERING typing indicator: frame=0, stage="thinking", label="Thinking…" 2 ChatPanel.tsx:1248:96
[Spinner] STOPPING animation (stage: "") ChatPanel.tsx:288:13
[Spinner] State check: streaming=true, responseStarted=false, stage="thinking", shouldSpin=true ChatPanel.tsx:281:11
[Spinner] STARTING animation (stage: "thinking") ChatPanel.tsx:283:12
[Spinner] RENDERING typing indicator: frame=1, stage="thinking", label="Thinking…" 2 ChatPanel.tsx:1248:96
[Spinner] RENDERING typing indicator: frame=2, stage="thinking", label="Thinking…" 2 ChatPanel.tsx:1248:96
[Spinner] RENDERING typing indicator: frame=3, stage="thinking", label="Thinking…" 2 ChatPanel.tsx:1248:96
[Spinner] RENDERING typing indicator: frame=4, stage="thinking", label="Thinking…" 2 ChatPanel.tsx:1248:96
[Spinner] RENDERING typing indicator: frame=5, stage="thinking", label="Thinking…" 2 ChatPanel.tsx:1248:96
[Spinner] RENDERING typing indicator: frame=6, stage="thinking", label="Thinking…" 2 ChatPanel.tsx:1248:96
[Spinner] RENDERING typing indicator: frame=7, stage="thinking", label="Thinking…" 2 ChatPanel.tsx:1248:96
[Spinner] RENDERING typing indicator: frame=8, stage="thinking", label="Thinking…" 2 ChatPanel.tsx:1248:96
[Spinner] RENDERING typing indicator: frame=9, stage="thinking", label="Thinking…" 2 ChatPanel.tsx:1248:96
[Spinner] RENDERING typing indicator: frame=10, stage="thinking", label="Thinking…" 2 ChatPanel.tsx:1248:96
[Spinner] RENDERING typing indicator: frame=11, stage="thinking", label="Thinking…" 2 ChatPanel.tsx:1248:96
[Spinner] RENDERING typing indicator: frame=12, stage="thinking", label="Thinking…" 2 ChatPanel.tsx:1248:96
[Spinner] RENDERING typing indicator: frame=13, stage="thinking", label="Thinking…" 4 ChatPanel.tsx:1248:96
Uncaught Error: TextModel got disposed before DiffEditorWidget model got reset

Ce@https://cdn.jsdelivr.net/npm/monaco-editor@0.55.1/min/vs/editor.api-CalNCsUg.js:5:1351
Bl/</<@https://cdn.jsdelivr.net/npm/monaco-editor@0.55.1/min/vs/editor.api-CalNCsUg.js:390:50593
_deliver@https://cdn.jsdelivr.net/npm/monaco-editor@0.55.1/min/vs/editor.api-CalNCsUg.js:7:2719
_deliverQueue@https://cdn.jsdelivr.net/npm/monaco-editor@0.55.1/min/vs/editor.api-CalNCsUg.js:7:2810
fire@https://cdn.jsdelivr.net/npm/monaco-editor@0.55.1/min/vs/editor.api-CalNCsUg.js:7:3146
dispose@https://cdn.jsdelivr.net/npm/monaco-editor@0.55.1/min/vs/editor.api-CalNCsUg.js:244:68898
I@http://localhost:5173/node_modules/.vite/deps/@monaco-editor_react.js?v=801bdab2:611:28
Oe/</<@http://localhost:5173/node_modules/.vite/deps/@monaco-editor_react.js?v=801bdab2:542:162
react_stack_bottom_frame@http://localhost:5173/node_modules/.vite/deps/react-dom_client.js?v=17a6460c:12908:5
runWithFiberInDEV@http://localhost:5173/node_modules/.vite/deps/react-dom_client.js?v=17a6460c:851:123
commitHookEffectListUnmount@http://localhost:5173/node_modules/.vite/deps/react-dom_client.js?v=17a6460c:6642:149
commitHookPassiveUnmountEffects@http://localhost:5173/node_modules/.vite/deps/react-dom_client.js?v=17a6460c:6655:55
commitPassiveUnmountEffectsInsideOfDeletedTree_begin@http://localhost:5173/node_modules/.vite/deps/react-dom_client.js?v=17a6460c:7864:38
recursivelyTraversePassiveUnmountEffects@http://localhost:5173/node_modules/.vite/deps/react-dom_client.js?v=17a6460c:7783:58
commitPassiveUnmountOnFiber@http://localhost:5173/node_modules/.vite/deps/react-dom_client.js?v=17a6460c:7814:54
recursivelyTraversePassiveUnmountEffects@http://localhost:5173/node_modules/.vite/deps/react-dom_client.js?v=17a6460c:7789:130
commitPassiveUnmountOnFiber@http://localhost:5173/node_modules/.vite/deps/react-dom_client.js?v=17a6460c:7797:46
recursivelyTraversePassiveUnmountEffects@http://localhost:5173/node_modules/.vite/deps/react-dom_client.js?v=17a6460c:7789:130
commitPassiveUnmountOnFiber@http://localhost:5173/node_modules/.vite/deps/react-dom_client.js?v=17a6460c:7814:54
recursivelyTraversePassiveUnmountEffects@http://localhost:5173/node_modules/.vite/deps/react-dom_client.js?v=17a6460c:7789:130
commitPassiveUnmountOnFiber@http://localhost:5173/node_modules/.vite/deps/react-dom_client.js?v=17a6460c:7814:54
recursivelyTraversePassiveUnmountEffects@http://localhost:5173/node_modules/.vite/deps/react-dom_client.js?v=17a6460c:7789:130
commitPassiveUnmountOnFiber@http://localhost:5173/node_modules/.vite/deps/react-dom_client.js?v=17a6460c:7797:46
recursivelyTraversePassiveUnmountEffects@http://localhost:5173/node_modules/.vite/deps/react-dom_client.js?v=17a6460c:7789:130
commitPassiveUnmountOnFiber@http://localhost:5173/node_modules/.vite/deps/react-dom_client.js?v=17a6460c:7814:54
recursivelyTraversePassiveUnmountEffects@http://localhost:5173/node_modules/.vite/deps/react-dom_client.js?v=17a6460c:7789:130
commitPassiveUnmountOnFiber@http://localhost:5173/node_modules/.vite/deps/react-dom_client.js?v=17a6460c:7802:46
flushPassiveEffects@http://localhost:5173/node_modules/.vite/deps/react-dom_client.js?v=17a6460c:8804:32
flushPendingEffects@http://localhost:5173/node_modules/.vite/deps/react-dom_client.js?v=17a6460c:8769:11
flushSpawnedWork@http://localhost:5173/node_modules/.vite/deps/react-dom_client.js?v=17a6460c:8747:40
commitRoot@http://localhost:5173/node_modules/.vite/deps/react-dom_client.js?v=17a6460c:8585:5
commitRootWhenReady@http://localhost:5173/node_modules/.vite/deps/react-dom_client.js?v=17a6460c:8079:14
performWorkOnRoot@http://localhost:5173/node_modules/.vite/deps/react-dom_client.js?v=17a6460c:8051:27
performSyncWorkOnRoot@http://localhost:5173/node_modules/.vite/deps/react-dom_client.js?v=17a6460c:9067:21
flushSyncWorkAcrossRoots_impl@http://localhost:5173/node_modules/.vite/deps/react-dom_client.js?v=17a6460c:8984:302
processRootScheduleInMicrotask@http://localhost:5173/node_modules/.vite/deps/react-dom_client.js?v=17a6460c:9005:101
require_react_dom_client_development</scheduleImmediateRootScheduleTask/<@http://localhost:5173/node_modules/.vite/deps/react-dom_client.js?v=17a6460c:9078:150
VoidFunction*scheduleImmediateRootScheduleTask@http://localhost:5173/node_modules/.vite/deps/react-dom_client.js?v=17a6460c:9077:21
ensureRootIsScheduled@http://localhost:5173/node_modules/.vite/deps/react-dom_client.js?v=17a6460c:8966:196
scheduleUpdateOnFiber@http://localhost:5173/node_modules/.vite/deps/react-dom_client.js?v=17a6460c:7938:398
dispatchSetStateInternal@http://localhost:5173/node_modules/.vite/deps/react-dom_client.js?v=17a6460c:5161:54
dispatchSetState@http://localhost:5173/node_modules/.vite/deps/react-dom_client.js?v=17a6460c:5133:28
onClose@http://localhost:5173/src/components/ChatPanel.tsx?t=1775056250688:1347:35
executeDispatch@http://localhost:5173/node_modules/.vite/deps/react-dom_client.js?v=17a6460c:9141:13
runWithFiberInDEV@http://localhost:5173/node_modules/.vite/deps/react-dom_client.js?v=17a6460c:851:123
processDispatchQueue@http://localhost:5173/node_modules/.vite/deps/react-dom_client.js?v=17a6460c:9167:27
require_react_dom_client_development</dispatchEventForPluginEventSystem/<@http://localhost:5173/node_modules/.vite/deps/react-dom_client.js?v=17a6460c:9454:25
batchedUpdates$1@http://localhost:5173/node_modules/.vite/deps/react-dom_client.js?v=17a6460c:2044:12
dispatchEventForPluginEventSystem@http://localhost:5173/node_modules/.vite/deps/react-dom_client.js?v=17a6460c:9240:20
dispatchEvent@http://localhost:5173/node_modules/.vite/deps/react-dom_client.js?v=17a6460c:11319:62
dispatchDiscreteEvent@http://localhost:5173/node_modules/.vite/deps/react-dom_client.js?v=17a6460c:11301:56
    unexpectedErrorHandler editor.api-CalNCsUg.js:3
    setTimeout handler*wie/this.unexpectedErrorHandler editor.api-CalNCsUg.js:1
    onUnexpectedError editor.api-CalNCsUg.js:5
    De editor.api-CalNCsUg.js:5
    Bl editor.api-CalNCsUg.js:390
    _deliver editor.api-CalNCsUg.js:7
    _deliverQueue editor.api-CalNCsUg.js:7
    fire editor.api-CalNCsUg.js:7
    dispose editor.api-CalNCsUg.js:244
    I index.mjs:1
    Oe index.mjs:1
    React 34
    onClose ChatPanel.tsx:1282
    React 8
editor.api-CalNCsUg.js:3:12
[Spinner] RENDERING typing indicator: frame=14, stage="thinking", label="Thinking…" 2 ChatPanel.tsx:1248:96
[Spinner] RENDERING typing indicator: frame=15, stage="thinking", label="Thinking…" 2 ChatPanel.tsx:1248:96
[Spinner] RENDERING typing indicator: frame=0, stage="thinking", label="Thinking…" 2 ChatPanel.tsx:1248:96
[Spinner] RENDERING typing indicator: frame=1, stage="thinking", label="Thinking…" 2 ChatPanel.tsx:1248:96
[Spinner] RENDERING typing indicator: frame=2, stage="thinking", label="Thinking…" 2 ChatPanel.tsx:1248:96
[Spinner] RENDERING typing indicator: frame=3, stage="thinking", label="Thinking…" 2 ChatPanel.tsx:1248:96
[Spinner] RENDERING typing indicator: frame=4, stage="thinking", label="Thinking…" 2 ChatPanel.tsx:1248:96
[Spinner] RENDERING typing indicator: frame=5, stage="thinking", label="Thinking…" 2 ChatPanel.tsx:1248:96
[Spinner] RENDERING typing indicator: frame=6, stage="thinking", label="Thinking…" 2 ChatPanel.tsx:1248:96
[Spinner] RENDERING typing indicator: frame=7, stage="thinking", label="Thinking…" 2 ChatPanel.tsx:1248:96
[Spinner] RENDERING typing indicator: frame=8, stage="thinking", label="Thinking…" 2 ChatPanel.tsx:1248:96
[Spinner] RENDERING typing indicator: frame=9, stage="thinking", label="Thinking…" 2 ChatPanel.tsx:1248:96
[Spinner] RENDERING typing indicator: frame=10, stage="thinking", label="Thinking…" 2 ChatPanel.tsx:1248:96
[Spinner] RENDERING typing indicator: frame=11, stage="thinking", label="Thinking…" 2 ChatPanel.tsx:1248:96
[Spinner] RENDERING typing indicator: frame=12, stage="thinking", label="Thinking…" 2 ChatPanel.tsx:1248:96
[Spinner] RENDERING typing indicator: frame=13, stage="thinking", label="Thinking…" 2 ChatPanel.tsx:1248:96
[Spinner] RENDERING typing indicator: frame=14, stage="thinking", label="Thinking…" 2 ChatPanel.tsx:1248:96
[Spinner] RENDERING typing indicator: frame=15, stage="thinking", label="Thinking…" 2 ChatPanel.tsx:1248:96
[Spinner] RENDERING typing indicator: frame=0, stage="thinking", label="Thinking…" 2 ChatPanel.tsx:1248:96
[Spinner] RENDERING typing indicator: frame=1, stage="thinking", label="Thinking…" 2 ChatPanel.tsx:1248:96
[Spinner] RENDERING typing indicator: frame=2, stage="thinking", label="Thinking…" 2 ChatPanel.tsx:1248:96
[Spinner] RENDERING typing indicator: frame=3, stage="thinking", label="Thinking…" 2 ChatPanel.tsx:1248:96
[Spinner] RENDERING typing indicator: frame=4, stage="thinking", label="Thinking…" 2 ChatPanel.tsx:1248:96
[Spinner] RENDERING typing indicator: frame=5, stage="thinking", label="Thinking…" 2 ChatPanel.tsx:1248:96
[Spinner] RENDERING typing indicator: frame=6, stage="thinking", label="Thinking…" 2 ChatPanel.tsx:1248:96
[Spinner] RENDERING typing indicator: frame=7, stage="thinking", label="Thinking…" 2 ChatPanel.tsx:1248:96
[Spinner] RENDERING typing indicator: frame=8, stage="thinking", label="Thinking…" 2 ChatPanel.tsx:1248:96
[Spinner] RENDERING typing indicator: frame=9, stage="thinking", label="Thinking…" 2 ChatPanel.tsx:1248:96
[Spinner] RENDERING typing indicator: frame=10, stage="thinking", label="Thinking…" 2 ChatPanel.tsx:1248:96
[Spinner] RENDERING typing indicator: frame=11, stage="thinking", label="Thinking…" 2 ChatPanel.tsx:1248:96
[Spinner] RENDERING typing indicator: frame=12, stage="thinking", label="Thinking…" 2 ChatPanel.tsx:1248:96
[Spinner] RENDERING typing indicator: frame=13, stage="thinking", label="Thinking…" 2 ChatPanel.tsx:1248:96
[Spinner] RENDERING typing indicator: frame=14, stage="thinking", label="Thinking…" 2 ChatPanel.tsx:1248:96
[Spinner] RENDERING typing indicator: frame=15, stage="thinking", label="Thinking…" 2 ChatPanel.tsx:1248:96
[Spinner] RENDERING typing indicator: frame=0, stage="thinking", label="Thinking…" 2 ChatPanel.tsx:1248:96
[Spinner] RENDERING typing indicator: frame=1, stage="thinking", label="Thinking…" 2 ChatPanel.tsx:1248:96
[Spinner] RENDERING typing indicator: frame=2, stage="thinking", label="Thinking…" 2 ChatPanel.tsx:1248:96
[Spinner] RENDERING typing indicator: frame=3, stage="thinking", label="Thinking…" 2 ChatPanel.tsx:1248:96
[Spinner] RENDERING typing indicator: frame=4, stage="thinking", label="Thinking…" 2 ChatPanel.tsx:1248:96
[Spinner] RENDERING typing indicator: frame=5, stage="thinking", label="Thinking…" 2 ChatPanel.tsx:1248:96
[Spinner] RENDERING typing indicator: frame=6, stage="thinking", label="Thinking…" 2 ChatPanel.tsx:1248:96
[Spinner] RENDERING typing indicator: frame=7, stage="thinking", label="Thinking…" 2 ChatPanel.tsx:1248:96
[Spinner] RENDERING typing indicator: frame=8, stage="thinking", label="Thinking…" 2 ChatPanel.tsx:1248:96
[Spinner] RENDERING typing indicator: frame=9, stage="thinking", label="Thinking…" 2 ChatPanel.tsx:1248:96
[Spinner] RENDERING typing indicator: frame=10, stage="thinking", label="Thinking…" 2 ChatPanel.tsx:1248:96
[Spinner] RENDERING typing indicator: frame=11, stage="thinking", label="Thinking…" 2 ChatPanel.tsx:1248:96
[Spinner] RENDERING typing indicator: frame=12, stage="thinking", label="Thinking…" 2 ChatPanel.tsx:1248:96
[Spinner] RENDERING typing indicator: frame=13, stage="thinking", label="Thinking…" 2 ChatPanel.tsx:1248:96
[Spinner] RENDERING typing indicator: frame=14, stage="thinking", label="Thinking…" 2 ChatPanel.tsx:1248:96
[Spinner] RENDERING typing indicator: frame=15, stage="thinking", label="Thinking…" 2 ChatPanel.tsx:1248:96
[Spinner] RENDERING typing indicator: frame=0, stage="thinking", label="Thinking…" 2 ChatPanel.tsx:1248:96
[Spinner] RENDERING typing indicator: frame=1, stage="thinking", label="Thinking…" 2 ChatPanel.tsx:1248:96
[Spinner] RENDERING typing indicator: frame=2, stage="thinking", label="Thinking…" 2 ChatPanel.tsx:1248:96
[Spinner] RENDERING typing indicator: frame=3, stage="thinking", label="Thinking…" 2 ChatPanel.tsx:1248:96
[Spinner] RENDERING typing indicator: frame=4, stage="thinking", label="Thinking…" 2 ChatPanel.tsx:1248:96
[Spinner] RENDERING typing indicator: frame=5, stage="thinking", label="Thinking…" 2 ChatPanel.tsx:1248:96
[Spinner] RENDERING typing indicator: frame=6, stage="thinking", label="Thinking…" 2 ChatPanel.tsx:1248:96
[Spinner] RENDERING typing indicator: frame=7, stage="thinking", label="Thinking…" 2 ChatPanel.tsx:1248:96
[Spinner] RENDERING typing indicator: frame=8, stage="thinking", label="Thinking…" 2 ChatPanel.tsx:1248:96
[Spinner] RENDERING typing indicator: frame=9, stage="thinking", label="Thinking…" 2 ChatPanel.tsx:1248:96
[Spinner] RENDERING typing indicator: frame=10, stage="thinking", label="Thinking…" 2 ChatPanel.tsx:1248:96
[Spinner] RENDERING typing indicator: frame=11, stage="thinking", label="Thinking…" 2 ChatPanel.tsx:1248:96
[Spinner] RENDERING typing indicator: frame=12, stage="thinking", label="Thinking…" 2 ChatPanel.tsx:1248:96
[Spinner] RENDERING typing indicator: frame=13, stage="thinking", label="Thinking…" 2 ChatPanel.tsx:1248:96
[Spinner] RENDERING typing indicator: frame=14, stage="thinking", label="Thinking…" 2 ChatPanel.tsx:1248:96
[Spinner] RENDERING typing indicator: frame=15, stage="thinking", label="Thinking…" 2 ChatPanel.tsx:1248:96
[Spinner] RENDERING typing indicator: frame=0, stage="thinking", label="Thinking…" 2 ChatPanel.tsx:1248:96
[Spinner] RENDERING typing indicator: frame=1, stage="thinking", label="Thinking…" 2 ChatPanel.tsx:1248:96
[Spinner] RENDERING typing indicator: frame=2, stage="thinking", label="Thinking…" 2 ChatPanel.tsx:1248:96
[Spinner] RENDERING typing indicator: frame=3, stage="thinking", label="Thinking…" 2 ChatPanel.tsx:1248:96
[Spinner] RENDERING typing indicator: frame=4, stage="thinking", label="Thinking…" 2 ChatPanel.tsx:1248:96
[Spinner] RENDERING typing indicator: frame=5, stage="thinking", label="Thinking…" 2 ChatPanel.tsx:1248:96
[Spinner] RENDERING typing indicator: frame=6, stage="thinking", label="Thinking…" 2 ChatPanel.tsx:1248:96
[Spinner] RENDERING typing indicator: frame=7, stage="thinking", label="Thinking…" 2 ChatPanel.tsx:1248:96
[Spinner] RENDERING typing indicator: frame=8, stage="thinking", label="Thinking…" 2 ChatPanel.tsx:1248:96
[Spinner] RENDERING typing indicator: frame=9, stage="thinking", label="Thinking…" 2 ChatPanel.tsx:1248:96
[Spinner] RENDERING typing indicator: frame=10, stage="thinking", label="Thinking…" 2 ChatPanel.tsx:1248:96
[Spinner] RENDERING typing indicator: frame=11, stage="thinking", label="Thinking…" 2 ChatPanel.tsx:1248:96
[Spinner] RENDERING typing indicator: frame=12, stage="thinking", label="Thinking…" 2 ChatPanel.tsx:1248:96
[Spinner] RENDERING typing indicator: frame=13, stage="thinking", label="Thinking…" 2 ChatPanel.tsx:1248:96
[Spinner] RENDERING typing indicator: frame=14, stage="thinking", label="Thinking…" 2 ChatPanel.tsx:1248:96
[Spinner] RENDERING typing indicator: frame=15, stage="thinking", label="Thinking…" 2 ChatPanel.tsx:1248:96
[Spinner] RENDERING typing indicator: frame=0, stage="thinking", label="Thinking…" 2 ChatPanel.tsx:1248:96
[Spinner] RENDERING typing indicator: frame=1, stage="thinking", label="Thinking…" 2 ChatPanel.tsx:1248:96
[Spinner] RENDERING typing indicator: frame=2, stage="thinking", label="Thinking…" 2 ChatPanel.tsx:1248:96
[Spinner] RENDERING typing indicator: frame=3, stage="thinking", label="Thinking…" 2 ChatPanel.tsx:1248:96
[Spinner] RENDERING typing indicator: frame=4, stage="thinking", label="Thinking…" 2 ChatPanel.tsx:1248:96
[Spinner] RENDERING typing indicator: frame=5, stage="thinking", label="Thinking…" 2 ChatPanel.tsx:1248:96
[Spinner] RENDERING typing indicator: frame=6, stage="thinking", label="Thinking…" 2 ChatPanel.tsx:1248:96
[Spinner] RENDERING typing indicator: frame=7, stage="thinking", label="Thinking…" 2 ChatPanel.tsx:1248:96
[Spinner] RENDERING typing indicator: frame=8, stage="thinking", label="Thinking…" 2 ChatPanel.tsx:1248:96
[Spinner] RENDERING typing indicator: frame=9, stage="thinking", label="Thinking…" 2 ChatPanel.tsx:1248:96
[Spinner] RENDERING typing indicator: frame=10, stage="thinking", label="Thinking…" 2 ChatPanel.tsx:1248:96
[Spinner] RENDERING typing indicator: frame=11, stage="thinking", label="Thinking…" 2 ChatPanel.tsx:1248:96
[Spinner] RENDERING typing indicator: frame=12, stage="thinking", label="Thinking…" 2 ChatPanel.tsx:1248:96
[Spinner] RENDERING typing indicator: frame=13, stage="thinking", label="Thinking…" 2 ChatPanel.tsx:1248:96
[Spinner] RENDERING typing indicator: frame=14, stage="thinking", label="Thinking…" 2 ChatPanel.tsx:1248:96
[Spinner] RENDERING typing indicator: frame=15, stage="thinking", label="Thinking…" 2 ChatPanel.tsx:1248:96
[Spinner] RENDERING typing indicator: frame=0, stage="thinking", label="Thinking…" 2 ChatPanel.tsx:1248:96
[Spinner] RENDERING typing indicator: frame=1, stage="thinking", label="Thinking…" 2 ChatPanel.tsx:1248:96
[Spinner] RENDERING typing indicator: frame=2, stage="thinking", label="Thinking…" 2 ChatPanel.tsx:1248:96
[Spinner] RENDERING typing indicator: frame=3, stage="thinking", label="Thinking…" 2 ChatPanel.tsx:1248:96
[Spinner] RENDERING typing indicator: frame=4, stage="thinking", label="Thinking…" 2 ChatPanel.tsx:1248:96
[Spinner] RENDERING typing indicator: frame=5, stage="thinking", label="Thinking…" 2 ChatPanel.tsx:1248:96
[Spinner] RENDERING typing indicator: frame=6, stage="thinking", label="Thinking…" 2 ChatPanel.tsx:1248:96
[Spinner] RENDERING typing indicator: frame=7, stage="thinking", label="Thinking…" 2 ChatPanel.tsx:1248:96
[Spinner] RENDERING typing indicator: frame=8, stage="thinking", label="Thinking…" 2 ChatPanel.tsx:1248:96
[Spinner] RENDERING typing indicator: frame=9, stage="thinking", label="Thinking…" 2 ChatPanel.tsx:1248:96
[Spinner] RENDERING typing indicator: frame=10, stage="thinking", label="Thinking…" 2 ChatPanel.tsx:1248:96
[Spinner] RENDERING typing indicator: frame=11, stage="thinking", label="Thinking…" 2 ChatPanel.tsx:1248:96
[Spinner] RENDERING typing indicator: frame=12, stage="thinking", label="Thinking…" 2 ChatPanel.tsx:1248:96
[Spinner] RENDERING typing indicator: frame=13, stage="thinking", label="Thinking…" 2 ChatPanel.tsx:1248:96
[Spinner] RENDERING typing indicator: frame=14, stage="thinking", label="Thinking…" 2 ChatPanel.tsx:1248:96
[Spinner] RENDERING typing indicator: frame=15, stage="thinking", label="Thinking…" 2 ChatPanel.tsx:1248:96
[Spinner] RENDERING typing indicator: frame=0, stage="thinking", label="Thinking…" 2 ChatPanel.tsx:1248:96
[Spinner] RENDERING typing indicator: frame=1, stage="thinking", label="Thinking…" 2 ChatPanel.tsx:1248:96
[Spinner] RENDERING typing indicator: frame=2, stage="thinking", label="Thinking…" 2 ChatPanel.tsx:1248:96
[Spinner] RENDERING typing indicator: frame=3, stage="thinking", label="Thinking…" 2 ChatPanel.tsx:1248:96
[Spinner] RENDERING typing indicator: frame=4, stage="thinking", label="Thinking…" 2 ChatPanel.tsx:1248:96
[Spinner] RENDERING typing indicator: frame=5, stage="thinking", label="Thinking…" 2 ChatPanel.tsx:1248:96
[Spinner] RENDERING typing indicator: frame=6, stage="thinking", label="Thinking…" 2 ChatPanel.tsx:1248:96
[Spinner] RENDERING typing indicator: frame=7, stage="thinking", label="Thinking…" 2 ChatPanel.tsx:1248:96
[Spinner] RENDERING typing indicator: frame=8, stage="thinking", label="Thinking…" 2 ChatPanel.tsx:1248:96
[Spinner] RENDERING typing indicator: frame=9, stage="thinking", label="Thinking…" 2 ChatPanel.tsx:1248:96
[Spinner] RENDERING typing indicator: frame=10, stage="thinking", label="Thinking…" 2 ChatPanel.tsx:1248:96
[Spinner] RENDERING typing indicator: frame=11, stage="thinking", label="Thinking…" 2 ChatPanel.tsx:1248:96
[Spinner] RENDERING typing indicator: frame=12, stage="thinking", label="Thinking…" 2 ChatPanel.tsx:1248:96
[Spinner] RENDERING typing indicator: frame=13, stage="thinking", label="Thinking…" 2 ChatPanel.tsx:1248:96
[Spinner] RENDERING typing indicator: frame=14, stage="thinking", label="Thinking…" 2 ChatPanel.tsx:1248:96
[Spinner] RENDERING typing indicator: frame=15, stage="thinking", label="Thinking…" 2 ChatPanel.tsx:1248:96
[Spinner] RENDERING typing indicator: frame=0, stage="thinking", label="Thinking…" 2 ChatPanel.tsx:1248:96
[Spinner] RENDERING typing indicator: frame=1, stage="thinking", label="Thinking…" 2 ChatPanel.tsx:1248:96
[Spinner] RENDERING typing indicator: frame=2, stage="thinking", label="Thinking…" 2 ChatPanel.tsx:1248:96
[Spinner] RENDERING typing indicator: frame=3, stage="thinking", label="Thinking…" 2 ChatPanel.tsx:1248:96
[Spinner] RENDERING typing indicator: frame=4, stage="thinking", label="Thinking…" 2 ChatPanel.tsx:1248:96
[Spinner] RENDERING typing indicator: frame=5, stage="thinking", label="Thinking…" 2 ChatPanel.tsx:1248:96
[Spinner] RENDERING typing indicator: frame=6, stage="thinking", label="Thinking…" 2 ChatPanel.tsx:1248:96
[Spinner] RENDERING typing indicator: frame=7, stage="thinking", label="Thinking…" 2 ChatPanel.tsx:1248:96
[Spinner] RENDERING typing indicator: frame=8, stage="thinking", label="Thinking…" 2 ChatPanel.tsx:1248:96
[Spinner] RENDERING typing indicator: frame=9, stage="thinking", label="Thinking…" 2 ChatPanel.tsx:1248:96
[Spinner] RENDERING typing indicator: frame=10, stage="thinking", label="Thinking…" 2 ChatPanel.tsx:1248:96
[Spinner] RENDERING typing indicator: frame=11, stage="thinking", label="Thinking…" 2 ChatPanel.tsx:1248:96
[Spinner] RENDERING typing indicator: frame=12, stage="thinking", label="Thinking…" 2 ChatPanel.tsx:1248:96
[Spinner] RENDERING typing indicator: frame=13, stage="thinking", label="Thinking…" 2 ChatPanel.tsx:1248:96
[Spinner] RENDERING typing indicator: frame=14, stage="thinking", label="Thinking…" 2 ChatPanel.tsx:1248:96
[Spinner] RENDERING typing indicator: frame=15, stage="thinking", label="Thinking…" 2 ChatPanel.tsx:1248:96
[Spinner] RENDERING typing indicator: frame=0, stage="thinking", label="Thinking…" 2 ChatPanel.tsx:1248:96
[Spinner] RENDERING typing indicator: frame=1, stage="thinking", label="Thinking…" 2 ChatPanel.tsx:1248:96
[Spinner] RENDERING typing indicator: frame=2, stage="thinking", label="Thinking…" 2 ChatPanel.tsx:1248:96
[Spinner] RENDERING typing indicator: frame=3, stage="thinking", label="Thinking…" 2 ChatPanel.tsx:1248:96
[Spinner] RENDERING typing indicator: frame=4, stage="thinking", label="Thinking…" 2 ChatPanel.tsx:1248:96
[Spinner] RENDERING typing indicator: frame=5, stage="thinking", label="Thinking…" 2 ChatPanel.tsx:1248:96
[Spinner] RENDERING typing indicator: frame=6, stage="thinking", label="Thinking…" 2 ChatPanel.tsx:1248:96
[Spinner] RENDERING typing indicator: frame=7, stage="thinking", label="Thinking…" 2 ChatPanel.tsx:1248:96
[Spinner] Stage changed: "" → "planning__STAGE_MARKER__" ChatPanel.tsx:272:11
[Stream Debug] Found __STAGE_MARKER__ at position 123 ChatPanel.tsx:706:14
[Stream Debug] Buffer around marker: main.py"]}__STAGE_MARKER__{"type": "tools", "stage": "propos ChatPanel.tsx:707:14
[Stream Debug] jsonStart: 139 looking for closing brace... ChatPanel.tsx:708:14
[Stream Debug] Found complete marker, jsonEnd: 267 ChatPanel.tsx:757:14
[Stream Debug] Marker content: __STAGE_MARKER__{"type": "tools", "stage": "propose_file_edit", "count": 1, "tools": ["propose_file_edit"], "details": ["frontend/src/App.tsx"]} ChatPanel.tsx:758:14
[Stream Debug] Flushing before marker: details": ["backend/main.py"]} ChatPanel.tsx:759:14
[Stream Debug] Step 4: Flushing remaining buffer: <empty string> <empty string> ChatPanel.tsx:776:13
[Spinner] STOPPING animation (stage: "thinking") ChatPanel.tsx:288:13
[Spinner] State check: streaming=true, responseStarted=true, stage="planning__STAGE_MARKER__", shouldSpin=true ChatPanel.tsx:281:11
[Spinner] STARTING animation (stage: "planning__STAGE_MARKER__") ChatPanel.tsx:283:12
[Spinner] Typing indicator visible: false (streaming=true, responseStarted=true) ChatPanel.tsx:308:11
[Spinner] Stage changed: "" → "thinking" ChatPanel.tsx:272:11
[Stream Debug] Step 4: Flushing remaining buffer: <empty string> <empty string> ChatPanel.tsx:776:13
[Spinner] STOPPING animation (stage: "planning__STAGE_MARKER__") ChatPanel.tsx:288:13
[Spinner] State check: streaming=true, responseStarted=true, stage="thinking", shouldSpin=true ChatPanel.tsx:281:11
[Spinner] STARTING animation (stage: "thinking") ChatPanel.tsx:283:12
[Stream Debug] Step 4: Flushing remaining buffer: 

I have proposed the changes to add comments at t ... (315 chars) ChatPanel.tsx:776:13
[Spinner] Stage changed: "" → "thinking" ChatPanel.tsx:272:11
[Spinner] Stage changed: "" → "reading" ChatPanel.tsx:272:11
[Spinner] Stage changed: "" → "searching" ChatPanel.tsx:272:11
[Spinner] Stage changed: "" → "finding" ChatPanel.tsx:272:11
[Spinner] Stage changed: "" → "planning" ChatPanel.tsx:272:11
[Spinner] Stage changed: "" → "thinking" ChatPanel.tsx:272:11
[Spinner] Stage changed: "" → "done" ChatPanel.tsx:272:11
[Spinner] Stage changed: "" → "thinking" ChatPanel.tsx:272:11
[Spinner] Stage changed: "" → "done" ChatPanel.tsx:272:11
[Spinner] Stage changed: "" → "thinking" ChatPanel.tsx:272:11
[Spinner] Stage changed: "" → "done" ChatPanel.tsx:272:11
[Spinner] Stage changed: "" → "finding" ChatPanel.tsx:272:11
[Spinner] Stage changed: "" → "reading" ChatPanel.tsx:272:11
[Spinner] Stage changed: "" → "planning" ChatPanel.tsx:272:11
[Spinner] Stage changed: "" → "editing_" ChatPanel.tsx:272:11
[Spinner] Stage changed: "" → "reviewing_" ChatPanel.tsx:272:11
[Spinner] Stage changed: "" → "refining_" ChatPanel.tsx:272:11
[Spinner] Stage changed: "" → "done" ChatPanel.tsx:272:11
[Spinner] Stage changed: "" → "searching" ChatPanel.tsx:272:11
[Spinner] Stage changed: "" → "thinking" ChatPanel.tsx:272:11
[Spinner] Stage changed: "" → "done" ChatPanel.tsx:272:11
[Stream Debug] Step 4: Flushing remaining buffer: \"\n\n    return StreamingResponse(stream(), media ... (42051 chars) ChatPanel.tsx:776:13
[Spinner] Stage changed: "" → "done" ChatPanel.tsx:272:11
[Stream Debug] Step 4: Flushing remaining buffer: <empty string> <empty string> ChatPanel.tsx:776:13
[Spinner] STOPPING animation (stage: "thinking") ChatPanel.tsx:288:13
[Spinner] State check: streaming=true, responseStarted=true, stage="done", shouldSpin=false ChatPanel.tsx:281:11
[Spinner] State check: streaming=false, responseStarted=true, stage="", shouldSpin=false ChatPanel.tsx:281:11
[Spinner] Resetting frame to 0 (streaming stopped) ChatPanel.tsx:301:12
[Spinner] Typing indicator visible: false (streaming=false, responseStarted=true) ChatPanel.tsx:308:11
